// Vitest Snapshot v1, https://vitest.dev/guide/snapshot.html

exports[`generateFixtureMatrix > matches the expected output snapshot 1`] = `
{
  "fixtureMatrix": [
    [
      [
        {
          "difficulty": 4,
          "label": "MCI (H)",
        },
        {
          "difficulty": 4,
          "label": "CHE (A)",
        },
      ],
      [
        {
          "difficulty": 5,
          "label": "MCI (A)",
        },
      ],
    ],
    [
      [
        {
          "difficulty": 2,
          "label": "ARS (A)",
        },
      ],
      [
        {
          "difficulty": 3,
          "label": "ARS (H)",
        },
      ],
    ],
    [
      [
        {
          "difficulty": 3,
          "label": "ARS (H)",
        },
      ],
      [
        {
          "difficulty": 0,
          "label": "-",
        },
      ],
    ],
  ],
  "scores": [
    2,
    2.25,
    1,
  ],
  "teamNames": [
    "Arsenal",
    "Man City",
    "Chelsea",
  ],
}
`;
