// Vitest Snapshot v1, https://vitest.dev/guide/snapshot.html

exports[`generateFixtureMatrix > matches the expected output snapshot 1`] = `
{
  "fixtureMatrix": [
    [
      [
        {
          "difficulty": 4,
          "kickoffTime": "2024-08-17T14:00:00Z",
          "label": "MCI (H)",
          "opponentName": "Man City",
        },
        {
          "difficulty": 4,
          "kickoffTime": "2024-08-18T14:00:00Z",
          "label": "CHE (A)",
          "opponentName": "Chelsea",
        },
      ],
      [
        {
          "difficulty": 5,
          "kickoffTime": "2024-08-24T14:00:00Z",
          "label": "MCI (A)",
          "opponentName": "Man City",
        },
      ],
    ],
    [
      [
        {
          "difficulty": 2,
          "kickoffTime": "2024-08-17T14:00:00Z",
          "label": "ARS (A)",
          "opponentName": "Arsenal",
        },
      ],
      [
        {
          "difficulty": 3,
          "kickoffTime": "2024-08-24T14:00:00Z",
          "label": "ARS (H)",
          "opponentName": "Arsenal",
        },
      ],
    ],
    [
      [
        {
          "difficulty": 3,
          "kickoffTime": "2024-08-18T14:00:00Z",
          "label": "ARS (H)",
          "opponentName": "Arsenal",
        },
      ],
      [
        {
          "difficulty": 0,
          "kickoffTime": null,
          "label": "-",
          "opponentName": "Blank",
        },
      ],
    ],
  ],
  "scores": [
    2,
    2.25,
    1,
  ],
  "teamNames": [
    "Arsenal",
    "Man City",
    "Chelsea",
  ],
}
`;
